
> vibe-generated-app@1.0.0 dev
> vite


  VITE v5.4.20  ready in 212 ms

  ➜  Local:   http://localhost:3000/
  ➜  Network: http://172.20.71.93:3000/
7:30:13 AM [vite] Pre-transform error: Transform failed with 1 error:
/home/workspace/src/App.jsx:81:85: ERROR: Expected identifier but found "0"
7:30:14 AM [vite] Internal server error: Transform failed with 1 error:
/home/workspace/src/App.jsx:81:85: ERROR: Expected identifier but found "0"
  Plugin: vite:esbuild
  File: /home/workspace/src/App.jsx:81:85
  
  Expected identifier but found "0"
  79 |  
  80 |          <footer className="text-center text-emerald-300/60 text-sm">
  81 |            Tips: For shrimp ponds, keep DO > 5 mg/L at night, pH 7.5–8.3, and TAN < 0.5 mg/L. Use aeration and regular water exchange as needed.
     |                                                                                       ^
  82 |          </footer>
  83 |        </div>
  
      at failureErrorWithLog (/home/workspace/node_modules/esbuild/lib/main.js:1472:15)
      at /home/workspace/node_modules/esbuild/lib/main.js:755:50
      at responseCallbacks.<computed> (/home/workspace/node_modules/esbuild/lib/main.js:622:9)
      at handleIncomingPacket (/home/workspace/node_modules/esbuild/lib/main.js:677:12)
      at Socket.readFromStdout (/home/workspace/node_modules/esbuild/lib/main.js:600:7)
      at Socket.emit (node:events:508:28)
      at addChunk (node:internal/streams/readable:559:12)
      at readableAddChunkPushByteMode (node:internal/streams/readable:510:3)
      at Readable.push (node:internal/streams/readable:390:5)
      at Pipe.onStreamRead (node:internal/stream_base_commons:189:23)
7:30:39 AM [vite] Internal server error: Transform failed with 1 error:
/home/workspace/src/App.jsx:81:85: ERROR: Expected identifier but found "0"
  Plugin: vite:esbuild
  File: /home/workspace/src/App.jsx:81:85
  
  Expected identifier but found "0"
  79 |  
  80 |          <footer className="text-center text-emerald-300/60 text-sm">
  81 |            Tips: For shrimp ponds, keep DO > 5 mg/L at night, pH 7.5–8.3, and TAN < 0.5 mg/L. Use aeration and regular water exchange as needed.
     |                                                                                       ^
  82 |          </footer>
  83 |        </div>
  
      at failureErrorWithLog (/home/workspace/node_modules/esbuild/lib/main.js:1472:15)
      at /home/workspace/node_modules/esbuild/lib/main.js:755:50
      at responseCallbacks.<computed> (/home/workspace/node_modules/esbuild/lib/main.js:622:9)
      at handleIncomingPacket (/home/workspace/node_modules/esbuild/lib/main.js:677:12)
      at Socket.readFromStdout (/home/workspace/node_modules/esbuild/lib/main.js:600:7)
      at Socket.emit (node:events:508:28)
      at addChunk (node:internal/streams/readable:559:12)
      at readableAddChunkPushByteMode (node:internal/streams/readable:510:3)
      at Readable.push (node:internal/streams/readable:390:5)
      at Pipe.onStreamRead (node:internal/stream_base_commons:189:23)
